I'm sorry, but errors were detected in your script. Please correct the
errors listed below, and try again.


File "game/screens.rpy", line 305: u'action' is not a keyword argument or valid child for the vbox statement.
    action [Play("sound", "audio/click 3.mp3"),]
          ^

Ren'Py Version: Ren'Py 7.4.11.2266
Sun May  7 13:15:36 2023
